// Jest Snapshot v1, https://goo.gl/fbAQLP

exports[`IssueDescription IssueDescription component renders correctly 1`] = `
<div>
  <h2
    className="my-5 text-center"
  >
    Issue Description
  </h2>
  User Name: 
  twbs
   
  <br />
  Repo Name: 
  bootstrap
   
  <br />
  <div
    className="card"
  >
    <div
      className="card-header row mx-0"
    >
      <div
        className="col-sm-10 pl-0"
      >
        #
        363302203
         
        <b>
          Add license headers in js/dist files
        </b>
      </div>
      <div
        className="col-sm-2 text-right text-success pr-0"
      >
        <i
          className="fa fa-check text-success"
        />
        <span
          className="pl-1 text-capitalize"
        >
          closed
        </span>
      </div>
    </div>
    <div
      className="card-body"
    >
      <p
        className="card-text"
      >
        Issue Number: 
        <b>
          27301
        </b>
      </p>
      <p
        className="card-text"
      >
        
      </p>
    </div>
    <div
      className="card-body row"
    >
      <p
        className="card-text col-sm-6"
      >
        <span>
          Created By: 
        </span>
        <span>
          <b>
            XhmikosR
          </b>
        </span>
      </p>
      <p
        className="card-text col-sm-6 text-right"
      >
        <small
          className="text-muted"
        >
          Last updated 
          <b>
            9 days ago
          </b>
        </small>
      </p>
    </div>
  </div>
</div>
`;
